// Jest Snapshot v1, https://goo.gl/fbAQLP

exports[`render renders correctly 1`] = `
<div
  className="calculator"
>
  <div
    className="calculator__header"
  >
    Pace Calculator
  </div>
  <DurationSelect
    label="Time"
    onChange={[Function]}
    value={0}
  />
  <DurationSelect
    label="Distance"
    onChange={[Function]}
    value={0}
  />
  <DurationSelect
    label="Pace"
    onChange={[Function]}
    value={0}
  />
</div>
`;
