// Jest Snapshot v1, https://goo.gl/fbAQLP

exports[`render renders correctly 1`] = `
<div
  className="duration-select"
>
  <NumberSelect
    max="100"
    name="km"
    onChange={[Function]}
    value={3}
  />
  <span>
    .
  </span>
  <NumberSelect
    max="999"
    name="m"
    onChange={[Function]}
    pad="3"
    value={661}
  />
  <span>
    km
  </span>
</div>
`;
