// Jest Snapshot v1, https://goo.gl/fbAQLP

exports[`render renders correctly 1`] = `
<div
  className="duration-select"
>
  <NumberSelect
    max="23"
    name="hours"
    onChange={[Function]}
    value={1}
  />
  <span>
    :
  </span>
  <NumberSelect
    max="59"
    name="minutes"
    onChange={[Function]}
    pad="2"
    value={1}
  />
  <span>
    :
  </span>
  <NumberSelect
    max="59"
    name="seconds"
    onChange={[Function]}
    pad="2"
    value={1}
  />
  <span>
    hh:mm:ss
  </span>
</div>
`;
