// Jest Snapshot v1, https://goo.gl/fbAQLP

exports[`render renders correctly 1`] = `
<div
  className="pace-select"
>
  <div
    className="pace-select__label"
  />
  <div
    className="pace-select__input"
  >
    <NumberSelect
      max="59"
      name="minutes"
      onChange={[Function]}
      value={61}
    />
    <span
      className="pace-select__separator"
    >
      :
    </span>
    <NumberSelect
      max="59"
      name="seconds"
      onChange={[Function]}
      pad="2"
      value={1}
    />
    <span
      className="pace-select__value-label"
    >
      min/km
    </span>
  </div>
</div>
`;
